
> react-example@0.0.0 build
> vite build && esbuild server.ts --bundle --platform=node --format=esm --packages=external --sourcemap --outfile=dist/server.mjs

vite v6.4.3 building for production...
transforming...
✓ 2323 modules transformed.
rendering chunks...
computing gzip size...
dist/index.html                                    2.58 kB │ gzip:   1.09 kB
dist/assets/index-BHZlMKcs.css                   104.46 kB │ gzip:  15.07 kB
dist/assets/MdgGatePage-BufLAte3.js                1.32 kB │ gzip:   0.75 kB
dist/assets/variance-BXil3rKX.js                   1.51 kB │ gzip:   0.82 kB
dist/assets/MaterialLedgerPage-xd52p-xj.js         2.04 kB │ gzip:   1.03 kB
dist/assets/SodAuditPage-BN_4oL2j.js               2.78 kB │ gzip:   1.30 kB
dist/assets/IntercompanyPage-Cgdtksy2.js           3.02 kB │ gzip:   1.34 kB
dist/assets/WipSettlementPage-DDmkyhmd.js          3.17 kB │ gzip:   1.31 kB
dist/assets/VarianceWaterfallPage-D3k3_B6s.js      3.96 kB │ gzip:   1.83 kB
dist/assets/GrirPage-BK8pBUaw.js                   4.37 kB │ gzip:   1.59 kB
dist/assets/CloseCockpitPage-IrCr0b0H.js           5.82 kB │ gzip:   2.34 kB
dist/assets/index-Do4LB5_f.js                  1,532.36 kB │ gzip: 452.80 kB
✓ built in 10.89s

(!) Some chunks are larger than 500 kB after minification. Consider:
- Using dynamic import() to code-split the application
- Use build.rollupOptions.output.manualChunks to improve chunking: https://rollupjs.org/configuration-options/#output-manualchunks
- Adjust chunk size limit for this warning via build.chunkSizeWarningLimit.

  dist\server.mjs      23.4kb
  dist\server.mjs.map  28.5kb

Done in 7ms
