# PR-2 đo oracle giá thành — nhánh cloud/pr2-costing-oracle, a9aef8d, 2026-10-10T03:48:12Z
# lệnh: npm run test:costing

> react-example@0.0.0 test:costing
> tsx scripts/export-costing-inputs.ts --check && python3 scripts/oracle_costing.py --check && tsx scripts/costing.ts

PASS costing_inputs.json khớp src/types.ts
PASS costing_expected.json = oracle (40 ca)
samsung-cover PASS | canon-frame PASS | denso-sensor FAIL
FAIL test:costing 35/40 ca lệch oracle:
  denso-sensor: M TS=27237668 oracle=26480808 Δ=756860; sxc TS=3770812 oracle=3710263 Δ=60549; addon TS=26400000 oracle=12000000 Δ=14400000; O TS=66747062 oracle=52286513 Δ=14460549; P TS=113882210 oracle=98664801 Δ=15217409; BOM ROH-RESIN TS=11958388 oracle=11061800; BOM ROH-ADD-ESD TS=undefined oracle=139728
  denso/c-std/t-std/p-vacuum: addon TS=6800000 oracle=0 Δ=6800000; O TS=46402432 oracle=39602432 Δ=6800000; P TS=84229712 oracle=77429712 Δ=6800000
  denso/c-std/t-std/p-ip68: addon TS=14400000 oracle=0 Δ=14400000; O TS=54616512 oracle=40216512 Δ=14400000; P TS=100119792 oracle=85719792 Δ=14400000
  denso/c-std/t-matte/p-vacuum: addon TS=12400000 oracle=5600000 Δ=6800000; O TS=52002432 oracle=45202432 Δ=6800000; P TS=89829712 oracle=83029712 Δ=6800000
  denso/c-std/t-matte/p-ip68: addon TS=20000000 oracle=5600000 Δ=14400000; O TS=60216512 oracle=45816512 Δ=14400000; P TS=105719792 oracle=91319792 Δ=14400000
  denso/c-std/t-esd/p-std: BOM ROH-RESIN TS=11201528 oracle=11061800; BOM ROH-ADD-ESD TS=undefined oracle=139728
  denso/c-std/t-esd/p-vacuum: addon TS=18800000 oracle=12000000 Δ=6800000; O TS=58413611 oracle=51613611 Δ=6800000; P TS=96380619 oracle=89580619 Δ=6800000; BOM ROH-RESIN TS=11201528 oracle=11061800; BOM ROH-ADD-ESD TS=undefined oracle=139728
  denso/c-std/t-esd/p-ip68: addon TS=26400000 oracle=12000000 Δ=14400000; O TS=66627691 oracle=52227691 Δ=14400000; P TS=112270699 oracle=97870699 Δ=14400000; BOM ROH-RESIN TS=11201528 oracle=11061800; BOM ROH-ADD-ESD TS=undefined oracle=139728
  denso/c-blk/t-std/p-std: M TS=11865260 oracle=11457720 Δ=407540; sxc TS=2541019 oracle=2508416 Δ=32603; O TS=39117269 oracle=39084666 Δ=32603; P TS=70880009 oracle=70439866 Δ=440143; BOM ROH-RESIN TS=11469340 oracle=11061800
  denso/c-blk/t-std/p-vacuum: M TS=18733260 oracle=18325720 Δ=407540; sxc TS=3090459 oracle=3057856 Δ=32603; addon TS=6800000 oracle=0 Δ=6800000; O TS=46466709 oracle=39634106 Δ=6832603; P TS=85097449 oracle=77857306 Δ=7240143; BOM ROH-RESIN TS=11469340 oracle=11061800
  denso/c-blk/t-std/p-ip68: M TS=26409260 oracle=26001720 Δ=407540; sxc TS=3704539 oracle=3671936 Δ=32603; addon TS=14400000 oracle=0 Δ=14400000; O TS=54680789 oracle=40248186 Δ=14432603; P TS=100987529 oracle=86147386 Δ=14840143; BOM ROH-RESIN TS=11469340 oracle=11061800
  denso/c-blk/t-matte/p-std: M TS=11865260 oracle=11457720 Δ=407540; sxc TS=2541019 oracle=2508416 Δ=32603; O TS=44717269 oracle=44684666 Δ=32603; P TS=76480009 oracle=76039866 Δ=440143; BOM ROH-RESIN TS=11469340 oracle=11061800
  denso/c-blk/t-matte/p-vacuum: M TS=18733260 oracle=18325720 Δ=407540; sxc TS=3090459 oracle=3057856 Δ=32603; addon TS=12400000 oracle=5600000 Δ=6800000; O TS=52066709 oracle=45234106 Δ=6832603; P TS=90697449 oracle=83457306 Δ=7240143; BOM ROH-RESIN TS=11469340 oracle=11061800
  denso/c-blk/t-matte/p-ip68: M TS=26409260 oracle=26001720 Δ=407540; sxc TS=3704539 oracle=3671936 Δ=32603; addon TS=20000000 oracle=5600000 Δ=14400000; O TS=60280789 oracle=45848186 Δ=14432603; P TS=106587529 oracle=91747386 Δ=14840143; BOM ROH-RESIN TS=11469340 oracle=11061800
  denso/c-blk/t-esd/p-std: M TS=12004988 oracle=11597448 Δ=407540; sxc TS=2552197 oracle=2519594 Δ=32603; O TS=51128447 oracle=51095844 Δ=32603; P TS=83030915 oracle=82590772 Δ=440143; BOM ROH-RESIN TS=11609068 oracle=11061800; BOM ROH-ADD-ESD TS=undefined oracle=139728
  denso/c-blk/t-esd/p-vacuum: M TS=18872988 oracle=18465448 Δ=407540; sxc TS=3101637 oracle=3069034 Δ=32603; addon TS=18800000 oracle=12000000 Δ=6800000; O TS=58477887 oracle=51645284 Δ=6832603; P TS=97248355 oracle=90008212 Δ=7240143; BOM ROH-RESIN TS=11609068 oracle=11061800; BOM ROH-ADD-ESD TS=undefined oracle=139728
  denso/c-blk/t-esd/p-ip68: M TS=26548988 oracle=26141448 Δ=407540; sxc TS=3715717 oracle=3683114 Δ=32603; addon TS=26400000 oracle=12000000 Δ=14400000; O TS=66691967 oracle=52259364 Δ=14432603; P TS=113138435 oracle=98298292 Δ=14840143; BOM ROH-RESIN TS=11609068 oracle=11061800; BOM ROH-ADD-ESD TS=undefined oracle=139728
  denso/c-wht/t-std/p-std: M TS=12209600 oracle=11627400 Δ=582200; sxc TS=2568566 oracle=2521990 Δ=46576; O TS=39144816 oracle=39098240 Δ=46576; P TS=71251896 oracle=70623120 Δ=628776; BOM ROH-RESIN TS=11644000 oracle=11061800
  denso/c-wht/t-std/p-vacuum: M TS=19077600 oracle=18495400 Δ=582200; sxc TS=3118006 oracle=3071430 Δ=46576; addon TS=6800000 oracle=0 Δ=6800000; O TS=46494256 oracle=39647680 Δ=6846576; P TS=85469336 oracle=78040560 Δ=7428776; BOM ROH-RESIN TS=11644000 oracle=11061800
  denso/c-wht/t-std/p-ip68: M TS=26753600 oracle=26171400 Δ=582200; sxc TS=3732086 oracle=3685510 Δ=46576; addon TS=14400000 oracle=0 Δ=14400000; O TS=54708336 oracle=40261760 Δ=14446576; P TS=101359416 oracle=86330640 Δ=15028776; BOM ROH-RESIN TS=11644000 oracle=11061800
  denso/c-wht/t-matte/p-std: M TS=12209600 oracle=11627400 Δ=582200; sxc TS=2568566 oracle=2521990 Δ=46576; O TS=44744816 oracle=44698240 Δ=46576; P TS=76851896 oracle=76223120 Δ=628776; BOM ROH-RESIN TS=11644000 oracle=11061800
  denso/c-wht/t-matte/p-vacuum: M TS=19077600 oracle=18495400 Δ=582200; sxc TS=3118006 oracle=3071430 Δ=46576; addon TS=12400000 oracle=5600000 Δ=6800000; O TS=52094256 oracle=45247680 Δ=6846576; P TS=91069336 oracle=83640560 Δ=7428776; BOM ROH-RESIN TS=11644000 oracle=11061800
  denso/c-wht/t-matte/p-ip68: M TS=26753600 oracle=26171400 Δ=582200; sxc TS=3732086 oracle=3685510 Δ=46576; addon TS=20000000 oracle=5600000 Δ=14400000; O TS=60308336 oracle=45861760 Δ=14446576; P TS=106959416 oracle=91930640 Δ=15028776; BOM ROH-RESIN TS=11644000 oracle=11061800
  denso/c-wht/t-esd/p-std: M TS=12349328 oracle=11767128 Δ=582200; sxc TS=2579745 oracle=2533169 Δ=46576; O TS=51155995 oracle=51109419 Δ=46576; P TS=83402803 oracle=82774027 Δ=628776; BOM ROH-RESIN TS=11783728 oracle=11061800; BOM ROH-ADD-ESD TS=undefined oracle=139728
  denso/c-wht/t-esd/p-vacuum: M TS=19217328 oracle=18635128 Δ=582200; sxc TS=3129185 oracle=3082609 Δ=46576; addon TS=18800000 oracle=12000000 Δ=6800000; O TS=58505435 oracle=51658859 Δ=6846576; P TS=97620243 oracle=90191467 Δ=7428776; BOM ROH-RESIN TS=11783728 oracle=11061800; BOM ROH-ADD-ESD TS=undefined oracle=139728
  denso/c-wht/t-esd/p-ip68: M TS=26893328 oracle=26311128 Δ=582200; sxc TS=3743265 oracle=3696689 Δ=46576; addon TS=26400000 oracle=12000000 Δ=14400000; O TS=66719515 oracle=52272939 Δ=14446576; P TS=113510323 oracle=98481547 Δ=15028776; BOM ROH-RESIN TS=11783728 oracle=11061800; BOM ROH-ADD-ESD TS=undefined oracle=139728
  denso/c-ylw/t-std/p-std: M TS=12553940 oracle=11797080 Δ=756860; sxc TS=2596114 oracle=2535565 Δ=60549; O TS=39172364 oracle=39111815 Δ=60549; P TS=71623784 oracle=70806375 Δ=817409; BOM ROH-RESIN TS=11818660 oracle=11061800
  denso/c-ylw/t-std/p-vacuum: M TS=19421940 oracle=18665080 Δ=756860; sxc TS=3145554 oracle=3085005 Δ=60549; addon TS=6800000 oracle=0 Δ=6800000; O TS=46521804 oracle=39661255 Δ=6860549; P TS=85841224 oracle=78223815 Δ=7617409; BOM ROH-RESIN TS=11818660 oracle=11061800
  denso/c-ylw/t-std/p-ip68: M TS=27097940 oracle=26341080 Δ=756860; sxc TS=3759634 oracle=3699085 Δ=60549; addon TS=14400000 oracle=0 Δ=14400000; O TS=54735884 oracle=40275335 Δ=14460549; P TS=101731304 oracle=86513895 Δ=15217409; BOM ROH-RESIN TS=11818660 oracle=11061800
  denso/c-ylw/t-matte/p-std: M TS=12553940 oracle=11797080 Δ=756860; sxc TS=2596114 oracle=2535565 Δ=60549; O TS=44772364 oracle=44711815 Δ=60549; P TS=77223784 oracle=76406375 Δ=817409; BOM ROH-RESIN TS=11818660 oracle=11061800
  denso/c-ylw/t-matte/p-vacuum: M TS=19421940 oracle=18665080 Δ=756860; sxc TS=3145554 oracle=3085005 Δ=60549; addon TS=12400000 oracle=5600000 Δ=6800000; O TS=52121804 oracle=45261255 Δ=6860549; P TS=91441224 oracle=83823815 Δ=7617409; BOM ROH-RESIN TS=11818660 oracle=11061800
  denso/c-ylw/t-matte/p-ip68: M TS=27097940 oracle=26341080 Δ=756860; sxc TS=3759634 oracle=3699085 Δ=60549; addon TS=20000000 oracle=5600000 Δ=14400000; O TS=60335884 oracle=45875335 Δ=14460549; P TS=107331304 oracle=92113895 Δ=15217409; BOM ROH-RESIN TS=11818660 oracle=11061800
  denso/c-ylw/t-esd/p-std: M TS=12693668 oracle=11936808 Δ=756860; sxc TS=2607292 oracle=2546743 Δ=60549; O TS=51183542 oracle=51122993 Δ=60549; P TS=83774690 oracle=82957281 Δ=817409; BOM ROH-RESIN TS=11958388 oracle=11061800; BOM ROH-ADD-ESD TS=undefined oracle=139728
  denso/c-ylw/t-esd/p-vacuum: M TS=19561668 oracle=18804808 Δ=756860; sxc TS=3156732 oracle=3096183 Δ=60549; addon TS=18800000 oracle=12000000 Δ=6800000; O TS=58532982 oracle=51672433 Δ=6860549; P TS=97992130 oracle=90374721 Δ=7617409; BOM ROH-RESIN TS=11958388 oracle=11061800; BOM ROH-ADD-ESD TS=undefined oracle=139728
  denso/c-ylw/t-esd/p-ip68: M TS=27237668 oracle=26480808 Δ=756860; sxc TS=3770812 oracle=3710263 Δ=60549; addon TS=26400000 oracle=12000000 Δ=14400000; O TS=66747062 oracle=52286513 Δ=14460549; P TS=113882210 oracle=98664801 Δ=15217409; BOM ROH-RESIN TS=11958388 oracle=11061800; BOM ROH-ADD-ESD TS=undefined oracle=139728
# exit code: 1
