
> react-example@0.0.0 build
> vite build && esbuild server.ts --bundle --platform=node --format=esm --packages=external --sourcemap --outfile=dist/server.mjs

vite v6.4.3 building for production...
transforming...
✓ 2325 modules transformed.
rendering chunks...
computing gzip size...
dist/index.html                                    3.32 kB │ gzip:   1.51 kB
dist/assets/index-B6F52Mbj.css                   104.75 kB │ gzip:  15.13 kB
dist/assets/MdgGatePage-B2_e4YU1.js                1.32 kB │ gzip:   0.75 kB
dist/assets/variance-BADV-JSL.js                   1.51 kB │ gzip:   0.82 kB
dist/assets/MaterialLedgerPage-BIcLLhkv.js         2.04 kB │ gzip:   1.03 kB
dist/assets/SodAuditPage-DNtqIq8z.js               2.78 kB │ gzip:   1.30 kB
dist/assets/IntercompanyPage-CAfFQPWk.js           3.02 kB │ gzip:   1.34 kB
dist/assets/WipSettlementPage-D64OO2Cp.js          3.17 kB │ gzip:   1.31 kB
dist/assets/VarianceWaterfallPage-Cxx5K3t2.js      3.96 kB │ gzip:   1.83 kB
dist/assets/GrirPage-C_lzx4gu.js                   4.37 kB │ gzip:   1.59 kB
dist/assets/CloseCockpitPage-CH2gALgV.js           5.82 kB │ gzip:   2.34 kB
dist/assets/index-COijvKlX.js                  1,539.92 kB │ gzip: 454.81 kB
✓ built in 22.13s

(!) Some chunks are larger than 500 kB after minification. Consider:
- Using dynamic import() to code-split the application
- Use build.rollupOptions.output.manualChunks to improve chunking: https://rollupjs.org/configuration-options/#output-manualchunks
- Adjust chunk size limit for this warning via build.chunkSizeWarningLimit.

  dist\server.mjs      23.4kb
  dist\server.mjs.map  28.5kb

Done in 24ms
