
> react-example@0.0.0 build
> vite build && esbuild server.ts --bundle --platform=node --format=esm --packages=external --sourcemap --outfile=dist/server.mjs

vite v6.4.3 building for production...
transforming...
✓ 2320 modules transformed.
rendering chunks...
computing gzip size...
dist/index.html                                    2.58 kB │ gzip:   1.09 kB
dist/assets/index-BHZlMKcs.css                   104.46 kB │ gzip:  15.07 kB
dist/assets/MdgGatePage-M7sF_tPc.js                1.32 kB │ gzip:   0.75 kB
dist/assets/variance-DMnONeeG.js                   1.51 kB │ gzip:   0.82 kB
dist/assets/MaterialLedgerPage-Dukui7QT.js         2.04 kB │ gzip:   1.03 kB
dist/assets/SodAuditPage-BIn8X1Ek.js               2.78 kB │ gzip:   1.30 kB
dist/assets/IntercompanyPage-BsrpID4W.js           3.02 kB │ gzip:   1.33 kB
dist/assets/WipSettlementPage-DhFjiT_2.js          3.17 kB │ gzip:   1.31 kB
dist/assets/VarianceWaterfallPage-OyuyZ2cc.js      3.96 kB │ gzip:   1.83 kB
dist/assets/GrirPage-CoOOze8I.js                   4.37 kB │ gzip:   1.59 kB
dist/assets/CloseCockpitPage-hrEAi195.js           5.82 kB │ gzip:   2.34 kB
dist/assets/index-CriE0zSv.js                  1,520.53 kB │ gzip: 449.41 kB
✓ built in 17.67s

(!) Some chunks are larger than 500 kB after minification. Consider:
- Using dynamic import() to code-split the application
- Use build.rollupOptions.output.manualChunks to improve chunking: https://rollupjs.org/configuration-options/#output-manualchunks
- Adjust chunk size limit for this warning via build.chunkSizeWarningLimit.

  dist\server.mjs      23.4kb
  dist\server.mjs.map  28.5kb

Done in 17ms
